INFO:     Will watch for changes in these directories: ['/Users/escobar/arisportal/backend']
INFO:     Uvicorn running on http://0.0.0.0:8000 (Press CTRL+C to quit)
INFO:     Started reloader process [88800] using WatchFiles
INFO:     Started server process [88814]
INFO:     Waiting for application startup.
INFO:     Application startup complete.
⚠️ Warning: Could not connect to blockchain network - running in mock mode
INFO:     127.0.0.1:56055 - "GET /api/v1/health HTTP/1.1" 200 OK
INFO:     127.0.0.1:56167 - "OPTIONS /api/v1/cards HTTP/1.1" 200 OK
WARNING:  WatchFiles detected changes in 'routers/cards.py'. Reloading...
INFO:     Shutting down
INFO:     Waiting for application shutdown.
INFO:     Application shutdown complete.
INFO:     Finished server process [88814]
Process SpawnProcess-2:
Traceback (most recent call last):
  File "/Library/Frameworks/Python.framework/Versions/3.12/lib/python3.12/multiprocessing/process.py", line 314, in _bootstrap
    self.run()
  File "/Library/Frameworks/Python.framework/Versions/3.12/lib/python3.12/multiprocessing/process.py", line 108, in run
    self._target(*self._args, **self._kwargs)
  File "/Users/escobar/arisportal/backend/venv/lib/python3.12/site-packages/uvicorn/_subprocess.py", line 76, in subprocess_started
    target(sockets=sockets)
  File "/Users/escobar/arisportal/backend/venv/lib/python3.12/site-packages/uvicorn/server.py", line 61, in run
    return asyncio.run(self.serve(sockets=sockets))
           ^^^^^^^^^^^^^^^^^^^^^^^^^^^^^^^^^^^^^^^^
  File "/Library/Frameworks/Python.framework/Versions/3.12/lib/python3.12/asyncio/runners.py", line 194, in run
    return runner.run(main)
           ^^^^^^^^^^^^^^^^
  File "/Library/Frameworks/Python.framework/Versions/3.12/lib/python3.12/asyncio/runners.py", line 118, in run
    return self._loop.run_until_complete(task)
           ^^^^^^^^^^^^^^^^^^^^^^^^^^^^^^^^^^^
  File "uvloop/loop.pyx", line 1518, in uvloop.loop.Loop.run_until_complete
  File "/Users/escobar/arisportal/backend/venv/lib/python3.12/site-packages/uvicorn/server.py", line 68, in serve
    config.load()
  File "/Users/escobar/arisportal/backend/venv/lib/python3.12/site-packages/uvicorn/config.py", line 467, in load
    self.loaded_app = import_from_string(self.app)
                      ^^^^^^^^^^^^^^^^^^^^^^^^^^^^
  File "/Users/escobar/arisportal/backend/venv/lib/python3.12/site-packages/uvicorn/importer.py", line 21, in import_from_string
    module = importlib.import_module(module_str)
             ^^^^^^^^^^^^^^^^^^^^^^^^^^^^^^^^^^^
  File "/Library/Frameworks/Python.framework/Versions/3.12/lib/python3.12/importlib/__init__.py", line 90, in import_module
    return _bootstrap._gcd_import(name[level:], package, level)
           ^^^^^^^^^^^^^^^^^^^^^^^^^^^^^^^^^^^^^^^^^^^^^^^^^^^^
  File "<frozen importlib._bootstrap>", line 1387, in _gcd_import
  File "<frozen importlib._bootstrap>", line 1360, in _find_and_load
  File "<frozen importlib._bootstrap>", line 1331, in _find_and_load_unlocked
  File "<frozen importlib._bootstrap>", line 935, in _load_unlocked
  File "<frozen importlib._bootstrap_external>", line 995, in exec_module
  File "<frozen importlib._bootstrap>", line 488, in _call_with_frames_removed
  File "/Users/escobar/arisportal/backend/main.py", line 33, in <module>
    from routers import properties, investments, finance, inventory, suppliers, crm, payroll, pools, upload, escrow, transaction, auth, profile, wise, cards
  File "/Users/escobar/arisportal/backend/routers/cards.py", line 230
    topup_control_number = None
    ^^^^^^^^^^^^^^^^^^^^
SyntaxError: expected 'except' or 'finally' block
⚠️ Warning: Could not connect to blockchain network - running in mock mode
WARNING:  WatchFiles detected changes in 'routers/cards.py'. Reloading...
INFO:     Started server process [90876]
INFO:     Waiting for application startup.
INFO:     Application startup complete.
WARNING:  WatchFiles detected changes in 'main.py'. Reloading...
INFO:     Shutting down
INFO:     Waiting for application shutdown.
INFO:     Application shutdown complete.
INFO:     Finished server process [90876]
⚠️ Warning: Could not connect to blockchain network - running in mock mode
INFO:     Started server process [91623]
INFO:     Waiting for application startup.
INFO:     Application startup complete.
WARNING:  WatchFiles detected changes in 'main.py'. Reloading...
INFO:     Shutting down
INFO:     Waiting for application shutdown.
INFO:     Application shutdown complete.
INFO:     Finished server process [91623]
⚠️ Warning: Could not connect to blockchain network - running in mock mode
INFO:     Started server process [92077]
INFO:     Waiting for application startup.
INFO:     Application startup complete.
⚠️ Warning: Could not connect to blockchain network - running in mock mode
INFO:     127.0.0.1:63836 - "OPTIONS /api/v1/cards HTTP/1.1" 200 OK
INFO:     127.0.0.1:63838 - "POST /api/v1/cards HTTP/1.1" 401 Unauthorized
INFO:     127.0.0.1:63838 - "OPTIONS /api/v1/auth/login HTTP/1.1" 200 OK
INFO:     127.0.0.1:63836 - "POST /api/v1/auth/login HTTP/1.1" 200 OK
INFO:     127.0.0.1:63836 - "OPTIONS /api/v1/profile HTTP/1.1" 200 OK
INFO:     127.0.0.1:63838 - "GET /api/v1/profile HTTP/1.1" 200 OK
INFO:     127.0.0.1:63838 - "OPTIONS /api/v1/transactions/stats/summary HTTP/1.1" 200 OK
INFO:     127.0.0.1:63836 - "OPTIONS /api/v1/transactions/analytics/cash-flow?months=12 HTTP/1.1" 200 OK
INFO:     127.0.0.1:63862 - "OPTIONS /api/v1/transactions/analytics/revenue?months=12 HTTP/1.1" 200 OK
INFO:     127.0.0.1:63864 - "OPTIONS /api/v1/deals HTTP/1.1" 200 OK
INFO:     127.0.0.1:63866 - "OPTIONS /api/v1/transactions/stats/summary HTTP/1.1" 200 OK
INFO:     127.0.0.1:63867 - "OPTIONS /api/v1/transactions/analytics/cash-flow?months=12 HTTP/1.1" 200 OK
INFO:     127.0.0.1:63838 - "OPTIONS /api/v1/transactions/analytics/revenue?months=12 HTTP/1.1" 200 OK
INFO:     127.0.0.1:63836 - "OPTIONS /api/v1/deals HTTP/1.1" 200 OK
INFO:     127.0.0.1:63862 - "GET /api/v1/transactions/stats/summary HTTP/1.1" 200 OK
INFO:     127.0.0.1:63864 - "GET /api/v1/transactions/analytics/cash-flow?months=12 HTTP/1.1" 200 OK
INFO:     127.0.0.1:63866 - "GET /api/v1/transactions/analytics/revenue?months=12 HTTP/1.1" 200 OK
INFO:     127.0.0.1:63866 - "GET /api/v1/transactions/stats/summary HTTP/1.1" 200 OK
INFO:     127.0.0.1:63864 - "GET /api/v1/transactions/analytics/cash-flow?months=12 HTTP/1.1" 200 OK
INFO:     127.0.0.1:63862 - "GET /api/v1/transactions/analytics/revenue?months=12 HTTP/1.1" 200 OK
INFO:     127.0.0.1:63867 - "GET /api/v1/deals HTTP/1.1" 200 OK
INFO:     127.0.0.1:63867 - "GET /api/v1/deals HTTP/1.1" 200 OK
Error fetching cards: (pymysql.err.OperationalError) (1054, "Unknown column 'cardholder_name' in 'field list'")
[SQL: 
            SELECT id, user_id, card_type, last_four, cardholder_name, 
                   is_active, is_default, balance, topup_control_number, created_at
            FROM cards
            WHERE user_id = %(user_id)s
        ]
[parameters: {'user_id': 9}]
(Background on this error at: https://sqlalche.me/e/20/e3q8)
Traceback (most recent call last):
  File "/Users/escobar/arisportal/backend/venv/lib/python3.12/site-packages/sqlalchemy/engine/base.py", line 1969, in _exec_single_context
    self.dialect.do_execute(
  File "/Users/escobar/arisportal/backend/venv/lib/python3.12/site-packages/sqlalchemy/engine/default.py", line 922, in do_execute
    cursor.execute(statement, parameters)
  File "/Users/escobar/arisportal/backend/venv/lib/python3.12/site-packages/pymysql/cursors.py", line 153, in execute
    result = self._query(query)
             ^^^^^^^^^^^^^^^^^^
  File "/Users/escobar/arisportal/backend/venv/lib/python3.12/site-packages/pymysql/cursors.py", line 322, in _query
    conn.query(q)
  File "/Users/escobar/arisportal/backend/venv/lib/python3.12/site-packages/pymysql/connections.py", line 558, in query
    self._affected_rows = self._read_query_result(unbuffered=unbuffered)
                          ^^^^^^^^^^^^^^^^^^^^^^^^^^^^^^^^^^^^^^^^^^^^^^
  File "/Users/escobar/arisportal/backend/venv/lib/python3.12/site-packages/pymysql/connections.py", line 822, in _read_query_result
    result.read()
  File "/Users/escobar/arisportal/backend/venv/lib/python3.12/site-packages/pymysql/connections.py", line 1200, in read
    first_packet = self.connection._read_packet()
                   ^^^^^^^^^^^^^^^^^^^^^^^^^^^^^^
  File "/Users/escobar/arisportal/backend/venv/lib/python3.12/site-packages/pymysql/connections.py", line 772, in _read_packet
    packet.raise_for_error()
  File "/Users/escobar/arisportal/backend/venv/lib/python3.12/site-packages/pymysql/protocol.py", line 221, in raise_for_error
    err.raise_mysql_exception(self._data)
  File "/Users/escobar/arisportal/backend/venv/lib/python3.12/site-packages/pymysql/err.py", line 143, in raise_mysql_exception
    raise errorclass(errno, errval)
pymysql.err.OperationalError: (1054, "Unknown column 'cardholder_name' in 'field list'")

The above exception was the direct cause of the following exception:

Traceback (most recent call last):
  File "/Users/escobar/arisportal/backend/routers/cards.py", line 85, in get_user_cards
    rows = db.execute(query, {"user_id": user_id}).fetchall()
           ^^^^^^^^^^^^^^^^^^^^^^^^^^^^^^^^^^^^^^^
  File "/Users/escobar/arisportal/backend/venv/lib/python3.12/site-packages/sqlalchemy/orm/session.py", line 2308, in execute
    return self._execute_internal(
           ^^^^^^^^^^^^^^^^^^^^^^^
  File "/Users/escobar/arisportal/backend/venv/lib/python3.12/site-packages/sqlalchemy/orm/session.py", line 2199, in _execute_internal
    result = conn.execute(
             ^^^^^^^^^^^^^
  File "/Users/escobar/arisportal/backend/venv/lib/python3.12/site-packages/sqlalchemy/engine/base.py", line 1416, in execute
    return meth(
           ^^^^^
  File "/Users/escobar/arisportal/backend/venv/lib/python3.12/site-packages/sqlalchemy/sql/elements.py", line 516, in _execute_on_connection
    return connection._execute_clauseelement(
           ^^^^^^^^^^^^^^^^^^^^^^^^^^^^^^^^^^
  File "/Users/escobar/arisportal/backend/venv/lib/python3.12/site-packages/sqlalchemy/engine/base.py", line 1639, in _execute_clauseelement
    ret = self._execute_context(
          ^^^^^^^^^^^^^^^^^^^^^^
  File "/Users/escobar/arisportal/backend/venv/lib/python3.12/site-packages/sqlalchemy/engine/base.py", line 1848, in _execute_context
    return self._exec_single_context(
           ^^^^^^^^^^^^^^^^^^^^^^^^^^
  File "/Users/escobar/arisportal/backend/venv/lib/python3.12/site-packages/sqlalchemy/engine/base.py", line 1988, in _exec_single_context
    self._handle_dbapi_exception(
  File "/Users/escobar/arisportal/backend/venv/lib/python3.12/site-packages/sqlalchemy/engine/base.py", line 2343, in _handle_dbapi_exception
    raise sqlalchemy_exception.with_traceback(exc_info[2]) from e
  File "/Users/escobar/arisportal/backend/venv/lib/python3.12/site-packages/sqlalchemy/engine/base.py", line 1969, in _exec_single_context
    self.dialect.do_execute(
  File "/Users/escobar/arisportal/backend/venv/lib/python3.12/site-packages/sqlalchemy/engine/default.py", line 922, in do_execute
    cursor.execute(statement, parameters)
  File "/Users/escobar/arisportal/backend/venv/lib/python3.12/site-packages/pymysql/cursors.py", line 153, in execute
    result = self._query(query)
             ^^^^^^^^^^^^^^^^^^
  File "/Users/escobar/arisportal/backend/venv/lib/python3.12/site-packages/pymysql/cursors.py", line 322, in _query
    conn.query(q)
  File "/Users/escobar/arisportal/backend/venv/lib/python3.12/site-packages/pymysql/connections.py", line 558, in query
    self._affected_rows = self._read_query_result(unbuffered=unbuffered)
                          ^^^^^^^^^^^^^^^^^^^^^^^^^^^^^^^^^^^^^^^^^^^^^^
  File "/Users/escobar/arisportal/backend/venv/lib/python3.12/site-packages/pymysql/connections.py", line 822, in _read_query_result
    result.read()
  File "/Users/escobar/arisportal/backend/venv/lib/python3.12/site-packages/pymysql/connections.py", line 1200, in read
    first_packet = self.connection._read_packet()
                   ^^^^^^^^^^^^^^^^^^^^^^^^^^^^^^
  File "/Users/escobar/arisportal/backend/venv/lib/python3.12/site-packages/pymysql/connections.py", line 772, in _read_packet
    packet.raise_for_error()
  File "/Users/escobar/arisportal/backend/venv/lib/python3.12/site-packages/pymysql/protocol.py", line 221, in raise_for_error
    err.raise_mysql_exception(self._data)
  File "/Users/escobar/arisportal/backend/venv/lib/python3.12/site-packages/pymysql/err.py", line 143, in raise_mysql_exception
    raise errorclass(errno, errval)
sqlalchemy.exc.OperationalError: (pymysql.err.OperationalError) (1054, "Unknown column 'cardholder_name' in 'field list'")
[SQL: 
            SELECT id, user_id, card_type, last_four, cardholder_name, 
                   is_active, is_default, balance, topup_control_number, created_at
            FROM cards
            WHERE user_id = %(user_id)s
        ]
[parameters: {'user_id': 9}]
(Background on this error at: https://sqlalche.me/e/20/e3q8)

INFO:     127.0.0.1:63867 - "GET /api/v1/cards HTTP/1.1" 200 OK
Error fetching cards: (pymysql.err.OperationalError) (1054, "Unknown column 'cardholder_name' in 'field list'")
[SQL: 
            SELECT id, user_id, card_type, last_four, cardholder_name, 
                   is_active, is_default, balance, topup_control_number, created_at
            FROM cards
            WHERE user_id = %(user_id)s
        ]
[parameters: {'user_id': 9}]
(Background on this error at: https://sqlalche.me/e/20/e3q8)
Traceback (most recent call last):
  File "/Users/escobar/arisportal/backend/venv/lib/python3.12/site-packages/sqlalchemy/engine/base.py", line 1969, in _exec_single_context
    self.dialect.do_execute(
  File "/Users/escobar/arisportal/backend/venv/lib/python3.12/site-packages/sqlalchemy/engine/default.py", line 922, in do_execute
    cursor.execute(statement, parameters)
  File "/Users/escobar/arisportal/backend/venv/lib/python3.12/site-packages/pymysql/cursors.py", line 153, in execute
    result = self._query(query)
             ^^^^^^^^^^^^^^^^^^
  File "/Users/escobar/arisportal/backend/venv/lib/python3.12/site-packages/pymysql/cursors.py", line 322, in _query
    conn.query(q)
  File "/Users/escobar/arisportal/backend/venv/lib/python3.12/site-packages/pymysql/connections.py", line 558, in query
    self._affected_rows = self._read_query_result(unbuffered=unbuffered)
                          ^^^^^^^^^^^^^^^^^^^^^^^^^^^^^^^^^^^^^^^^^^^^^^
  File "/Users/escobar/arisportal/backend/venv/lib/python3.12/site-packages/pymysql/connections.py", line 822, in _read_query_result
    result.read()
  File "/Users/escobar/arisportal/backend/venv/lib/python3.12/site-packages/pymysql/connections.py", line 1200, in read
    first_packet = self.connection._read_packet()
                   ^^^^^^^^^^^^^^^^^^^^^^^^^^^^^^
  File "/Users/escobar/arisportal/backend/venv/lib/python3.12/site-packages/pymysql/connections.py", line 772, in _read_packet
    packet.raise_for_error()
  File "/Users/escobar/arisportal/backend/venv/lib/python3.12/site-packages/pymysql/protocol.py", line 221, in raise_for_error
    err.raise_mysql_exception(self._data)
  File "/Users/escobar/arisportal/backend/venv/lib/python3.12/site-packages/pymysql/err.py", line 143, in raise_mysql_exception
    raise errorclass(errno, errval)
pymysql.err.OperationalError: (1054, "Unknown column 'cardholder_name' in 'field list'")

The above exception was the direct cause of the following exception:

Traceback (most recent call last):
  File "/Users/escobar/arisportal/backend/routers/cards.py", line 85, in get_user_cards
    rows = db.execute(query, {"user_id": user_id}).fetchall()
           ^^^^^^^^^^^^^^^^^^^^^^^^^^^^^^^^^^^^^^^
  File "/Users/escobar/arisportal/backend/venv/lib/python3.12/site-packages/sqlalchemy/orm/session.py", line 2308, in execute
    return self._execute_internal(
           ^^^^^^^^^^^^^^^^^^^^^^^
  File "/Users/escobar/arisportal/backend/venv/lib/python3.12/site-packages/sqlalchemy/orm/session.py", line 2199, in _execute_internal
    result = conn.execute(
             ^^^^^^^^^^^^^
  File "/Users/escobar/arisportal/backend/venv/lib/python3.12/site-packages/sqlalchemy/engine/base.py", line 1416, in execute
    return meth(
           ^^^^^
  File "/Users/escobar/arisportal/backend/venv/lib/python3.12/site-packages/sqlalchemy/sql/elements.py", line 516, in _execute_on_connection
    return connection._execute_clauseelement(
           ^^^^^^^^^^^^^^^^^^^^^^^^^^^^^^^^^^
  File "/Users/escobar/arisportal/backend/venv/lib/python3.12/site-packages/sqlalchemy/engine/base.py", line 1639, in _execute_clauseelement
    ret = self._execute_context(
          ^^^^^^^^^^^^^^^^^^^^^^
  File "/Users/escobar/arisportal/backend/venv/lib/python3.12/site-packages/sqlalchemy/engine/base.py", line 1848, in _execute_context
    return self._exec_single_context(
           ^^^^^^^^^^^^^^^^^^^^^^^^^^
  File "/Users/escobar/arisportal/backend/venv/lib/python3.12/site-packages/sqlalchemy/engine/base.py", line 1988, in _exec_single_context
    self._handle_dbapi_exception(
  File "/Users/escobar/arisportal/backend/venv/lib/python3.12/site-packages/sqlalchemy/engine/base.py", line 2343, in _handle_dbapi_exception
    raise sqlalchemy_exception.with_traceback(exc_info[2]) from e
  File "/Users/escobar/arisportal/backend/venv/lib/python3.12/site-packages/sqlalchemy/engine/base.py", line 1969, in _exec_single_context
    self.dialect.do_execute(
  File "/Users/escobar/arisportal/backend/venv/lib/python3.12/site-packages/sqlalchemy/engine/default.py", line 922, in do_execute
    cursor.execute(statement, parameters)
  File "/Users/escobar/arisportal/backend/venv/lib/python3.12/site-packages/pymysql/cursors.py", line 153, in execute
    result = self._query(query)
             ^^^^^^^^^^^^^^^^^^
  File "/Users/escobar/arisportal/backend/venv/lib/python3.12/site-packages/pymysql/cursors.py", line 322, in _query
    conn.query(q)
  File "/Users/escobar/arisportal/backend/venv/lib/python3.12/site-packages/pymysql/connections.py", line 558, in query
    self._affected_rows = self._read_query_result(unbuffered=unbuffered)
                          ^^^^^^^^^^^^^^^^^^^^^^^^^^^^^^^^^^^^^^^^^^^^^^
  File "/Users/escobar/arisportal/backend/venv/lib/python3.12/site-packages/pymysql/connections.py", line 822, in _read_query_result
    result.read()
  File "/Users/escobar/arisportal/backend/venv/lib/python3.12/site-packages/pymysql/connections.py", line 1200, in read
    first_packet = self.connection._read_packet()
                   ^^^^^^^^^^^^^^^^^^^^^^^^^^^^^^
  File "/Users/escobar/arisportal/backend/venv/lib/python3.12/site-packages/pymysql/connections.py", line 772, in _read_packet
    packet.raise_for_error()
  File "/Users/escobar/arisportal/backend/venv/lib/python3.12/site-packages/pymysql/protocol.py", line 221, in raise_for_error
    err.raise_mysql_exception(self._data)
  File "/Users/escobar/arisportal/backend/venv/lib/python3.12/site-packages/pymysql/err.py", line 143, in raise_mysql_exception
    raise errorclass(errno, errval)
sqlalchemy.exc.OperationalError: (pymysql.err.OperationalError) (1054, "Unknown column 'cardholder_name' in 'field list'")
[SQL: 
            SELECT id, user_id, card_type, last_four, cardholder_name, 
                   is_active, is_default, balance, topup_control_number, created_at
            FROM cards
            WHERE user_id = %(user_id)s
        ]
[parameters: {'user_id': 9}]
(Background on this error at: https://sqlalche.me/e/20/e3q8)

INFO:     127.0.0.1:63867 - "GET /api/v1/cards HTTP/1.1" 200 OK
Error creating card: (pymysql.err.OperationalError) (1054, "Unknown column 'cards.expiry_month' in 'field list'")
[SQL: SELECT count(*) AS count_1 
FROM (SELECT cards.id AS cards_id, cards.user_id AS cards_user_id, cards.card_type AS cards_card_type, cards.last_four AS cards_last_four, cards.expiry_month AS cards_expiry_month, cards.expiry_year AS cards_expiry_year, cards.cardholder_name AS cards_cardholder_name, cards.is_active AS cards_is_active, cards.is_default AS cards_is_default, cards.balance AS cards_balance, cards.topup_control_number AS cards_topup_control_number, cards.created_at AS cards_created_at, cards.updated_at AS cards_updated_at 
FROM cards 
WHERE cards.user_id = %(user_id_1)s) AS anon_1]
[parameters: {'user_id_1': 9}]
(Background on this error at: https://sqlalche.me/e/20/e3q8)
Traceback (most recent call last):
  File "/Users/escobar/arisportal/backend/venv/lib/python3.12/site-packages/sqlalchemy/engine/base.py", line 1969, in _exec_single_context
    self.dialect.do_execute(
  File "/Users/escobar/arisportal/backend/venv/lib/python3.12/site-packages/sqlalchemy/engine/default.py", line 922, in do_execute
    cursor.execute(statement, parameters)
  File "/Users/escobar/arisportal/backend/venv/lib/python3.12/site-packages/pymysql/cursors.py", line 153, in execute
    result = self._query(query)
             ^^^^^^^^^^^^^^^^^^
  File "/Users/escobar/arisportal/backend/venv/lib/python3.12/site-packages/pymysql/cursors.py", line 322, in _query
    conn.query(q)
  File "/Users/escobar/arisportal/backend/venv/lib/python3.12/site-packages/pymysql/connections.py", line 558, in query
    self._affected_rows = self._read_query_result(unbuffered=unbuffered)
                          ^^^^^^^^^^^^^^^^^^^^^^^^^^^^^^^^^^^^^^^^^^^^^^
  File "/Users/escobar/arisportal/backend/venv/lib/python3.12/site-packages/pymysql/connections.py", line 822, in _read_query_result
    result.read()
  File "/Users/escobar/arisportal/backend/venv/lib/python3.12/site-packages/pymysql/connections.py", line 1200, in read
    first_packet = self.connection._read_packet()
                   ^^^^^^^^^^^^^^^^^^^^^^^^^^^^^^
  File "/Users/escobar/arisportal/backend/venv/lib/python3.12/site-packages/pymysql/connections.py", line 772, in _read_packet
    packet.raise_for_error()
  File "/Users/escobar/arisportal/backend/venv/lib/python3.12/site-packages/pymysql/protocol.py", line 221, in raise_for_error
    err.raise_mysql_exception(self._data)
  File "/Users/escobar/arisportal/backend/venv/lib/python3.12/site-packages/pymysql/err.py", line 143, in raise_mysql_exception
    raise errorclass(errno, errval)
pymysql.err.OperationalError: (1054, "Unknown column 'cards.expiry_month' in 'field list'")

The above exception was the direct cause of the following exception:

Traceback (most recent call last):
  File "/Users/escobar/arisportal/backend/routers/cards.py", line 217, in create_card
    existing_cards = db.query(Card).filter(Card.user_id == user_id).count()
                     ^^^^^^^^^^^^^^^^^^^^^^^^^^^^^^^^^^^^^^^^^^^^^^^^^^^^^^
  File "/Users/escobar/arisportal/backend/venv/lib/python3.12/site-packages/sqlalchemy/orm/query.py", line 3132, in count
    self._legacy_from_self(col).enable_eagerloads(False).scalar()
  File "/Users/escobar/arisportal/backend/venv/lib/python3.12/site-packages/sqlalchemy/orm/query.py", line 2825, in scalar
    ret = self.one()
          ^^^^^^^^^^
  File "/Users/escobar/arisportal/backend/venv/lib/python3.12/site-packages/sqlalchemy/orm/query.py", line 2798, in one
    return self._iter().one()  # type: ignore
           ^^^^^^^^^^^^
  File "/Users/escobar/arisportal/backend/venv/lib/python3.12/site-packages/sqlalchemy/orm/query.py", line 2847, in _iter
    result: Union[ScalarResult[_T], Result[_T]] = self.session.execute(
                                                  ^^^^^^^^^^^^^^^^^^^^^
  File "/Users/escobar/arisportal/backend/venv/lib/python3.12/site-packages/sqlalchemy/orm/session.py", line 2308, in execute
    return self._execute_internal(
           ^^^^^^^^^^^^^^^^^^^^^^^
  File "/Users/escobar/arisportal/backend/venv/lib/python3.12/site-packages/sqlalchemy/orm/session.py", line 2190, in _execute_internal
    result: Result[Any] = compile_state_cls.orm_execute_statement(
                          ^^^^^^^^^^^^^^^^^^^^^^^^^^^^^^^^^^^^^^^^
  File "/Users/escobar/arisportal/backend/venv/lib/python3.12/site-packages/sqlalchemy/orm/context.py", line 293, in orm_execute_statement
    result = conn.execute(
             ^^^^^^^^^^^^^
  File "/Users/escobar/arisportal/backend/venv/lib/python3.12/site-packages/sqlalchemy/engine/base.py", line 1416, in execute
    return meth(
           ^^^^^
  File "/Users/escobar/arisportal/backend/venv/lib/python3.12/site-packages/sqlalchemy/sql/elements.py", line 516, in _execute_on_connection
    return connection._execute_clauseelement(
           ^^^^^^^^^^^^^^^^^^^^^^^^^^^^^^^^^^
  File "/Users/escobar/arisportal/backend/venv/lib/python3.12/site-packages/sqlalchemy/engine/base.py", line 1639, in _execute_clauseelement
    ret = self._execute_context(
          ^^^^^^^^^^^^^^^^^^^^^^
  File "/Users/escobar/arisportal/backend/venv/lib/python3.12/site-packages/sqlalchemy/engine/base.py", line 1848, in _execute_context
    return self._exec_single_context(
           ^^^^^^^^^^^^^^^^^^^^^^^^^^
  File "/Users/escobar/arisportal/backend/venv/lib/python3.12/site-packages/sqlalchemy/engine/base.py", line 1988, in _exec_single_context
    self._handle_dbapi_exception(
  File "/Users/escobar/arisportal/backend/venv/lib/python3.12/site-packages/sqlalchemy/engine/base.py", line 2343, in _handle_dbapi_exception
    raise sqlalchemy_exception.with_traceback(exc_info[2]) from e
  File "/Users/escobar/arisportal/backend/venv/lib/python3.12/site-packages/sqlalchemy/engine/base.py", line 1969, in _exec_single_context
    self.dialect.do_execute(
  File "/Users/escobar/arisportal/backend/venv/lib/python3.12/site-packages/sqlalchemy/engine/default.py", line 922, in do_execute
    cursor.execute(statement, parameters)
  File "/Users/escobar/arisportal/backend/venv/lib/python3.12/site-packages/pymysql/cursors.py", line 153, in execute
    result = self._query(query)
             ^^^^^^^^^^^^^^^^^^
  File "/Users/escobar/arisportal/backend/venv/lib/python3.12/site-packages/pymysql/cursors.py", line 322, in _query
    conn.query(q)
  File "/Users/escobar/arisportal/backend/venv/lib/python3.12/site-packages/pymysql/connections.py", line 558, in query
    self._affected_rows = self._read_query_result(unbuffered=unbuffered)
                          ^^^^^^^^^^^^^^^^^^^^^^^^^^^^^^^^^^^^^^^^^^^^^^
  File "/Users/escobar/arisportal/backend/venv/lib/python3.12/site-packages/pymysql/connections.py", line 822, in _read_query_result
    result.read()
  File "/Users/escobar/arisportal/backend/venv/lib/python3.12/site-packages/pymysql/connections.py", line 1200, in read
    first_packet = self.connection._read_packet()
                   ^^^^^^^^^^^^^^^^^^^^^^^^^^^^^^
  File "/Users/escobar/arisportal/backend/venv/lib/python3.12/site-packages/pymysql/connections.py", line 772, in _read_packet
    packet.raise_for_error()
  File "/Users/escobar/arisportal/backend/venv/lib/python3.12/site-packages/pymysql/protocol.py", line 221, in raise_for_error
    err.raise_mysql_exception(self._data)
  File "/Users/escobar/arisportal/backend/venv/lib/python3.12/site-packages/pymysql/err.py", line 143, in raise_mysql_exception
    raise errorclass(errno, errval)
sqlalchemy.exc.OperationalError: (pymysql.err.OperationalError) (1054, "Unknown column 'cards.expiry_month' in 'field list'")
[SQL: SELECT count(*) AS count_1 
FROM (SELECT cards.id AS cards_id, cards.user_id AS cards_user_id, cards.card_type AS cards_card_type, cards.last_four AS cards_last_four, cards.expiry_month AS cards_expiry_month, cards.expiry_year AS cards_expiry_year, cards.cardholder_name AS cards_cardholder_name, cards.is_active AS cards_is_active, cards.is_default AS cards_is_default, cards.balance AS cards_balance, cards.topup_control_number AS cards_topup_control_number, cards.created_at AS cards_created_at, cards.updated_at AS cards_updated_at 
FROM cards 
WHERE cards.user_id = %(user_id_1)s) AS anon_1]
[parameters: {'user_id_1': 9}]
(Background on this error at: https://sqlalche.me/e/20/e3q8)

INFO:     127.0.0.1:63919 - "POST /api/v1/cards HTTP/1.1" 500 Internal Server Error
WARNING:  WatchFiles detected changes in 'routers/cards.py'. Reloading...
INFO:     Shutting down
INFO:     Waiting for application shutdown.
INFO:     Application shutdown complete.
INFO:     Finished server process [92077]
INFO:     Started server process [63805]
INFO:     Waiting for application startup.
INFO:     Application startup complete.
WARNING:  WatchFiles detected changes in 'models/card.py'. Reloading...
INFO:     Shutting down
INFO:     Waiting for application shutdown.
INFO:     Application shutdown complete.
INFO:     Finished server process [63805]
⚠️ Warning: Could not connect to blockchain network - running in mock mode
INFO:     Started server process [64634]
INFO:     Waiting for application startup.
INFO:     Application startup complete.
WARNING:  WatchFiles detected changes in 'routers/cards.py'. Reloading...
INFO:     Shutting down
INFO:     Waiting for application shutdown.
INFO:     Application shutdown complete.
INFO:     Finished server process [64634]
⚠️ Warning: Could not connect to blockchain network - running in mock mode
INFO:     Started server process [66577]
INFO:     Waiting for application startup.
INFO:     Application startup complete.
⚠️ Warning: Could not connect to blockchain network - running in mock mode
Warning: Failed to create control number for card: customerPhone or customerEmail is required for customer billpay control number
Error creating card: Foreign key associated with column 'cards.user_id' could not find table 'users' with which to generate a foreign key to target column 'id'
Traceback (most recent call last):
  File "/Users/escobar/arisportal/backend/routers/cards.py", line 300, in create_card
    db.commit()
  File "/Users/escobar/arisportal/backend/venv/lib/python3.12/site-packages/sqlalchemy/orm/session.py", line 1969, in commit
    trans.commit(_to_root=True)
  File "<string>", line 2, in commit
  File "/Users/escobar/arisportal/backend/venv/lib/python3.12/site-packages/sqlalchemy/orm/state_changes.py", line 139, in _go
    ret_value = fn(self, *arg, **kw)
                ^^^^^^^^^^^^^^^^^^^^
  File "/Users/escobar/arisportal/backend/venv/lib/python3.12/site-packages/sqlalchemy/orm/session.py", line 1256, in commit
    self._prepare_impl()
  File "<string>", line 2, in _prepare_impl
  File "/Users/escobar/arisportal/backend/venv/lib/python3.12/site-packages/sqlalchemy/orm/state_changes.py", line 139, in _go
    ret_value = fn(self, *arg, **kw)
                ^^^^^^^^^^^^^^^^^^^^
  File "/Users/escobar/arisportal/backend/venv/lib/python3.12/site-packages/sqlalchemy/orm/session.py", line 1231, in _prepare_impl
    self.session.flush()
  File "/Users/escobar/arisportal/backend/venv/lib/python3.12/site-packages/sqlalchemy/orm/session.py", line 4312, in flush
    self._flush(objects)
  File "/Users/escobar/arisportal/backend/venv/lib/python3.12/site-packages/sqlalchemy/orm/session.py", line 4447, in _flush
    with util.safe_reraise():
  File "/Users/escobar/arisportal/backend/venv/lib/python3.12/site-packages/sqlalchemy/util/langhelpers.py", line 146, in __exit__
    raise exc_value.with_traceback(exc_tb)
  File "/Users/escobar/arisportal/backend/venv/lib/python3.12/site-packages/sqlalchemy/orm/session.py", line 4408, in _flush
    flush_context.execute()
  File "/Users/escobar/arisportal/backend/venv/lib/python3.12/site-packages/sqlalchemy/orm/unitofwork.py", line 466, in execute
    rec.execute(self)
  File "/Users/escobar/arisportal/backend/venv/lib/python3.12/site-packages/sqlalchemy/orm/unitofwork.py", line 642, in execute
    util.preloaded.orm_persistence.save_obj(
  File "/Users/escobar/arisportal/backend/venv/lib/python3.12/site-packages/sqlalchemy/orm/persistence.py", line 76, in save_obj
    for table, mapper in base_mapper._sorted_tables.items():
                         ^^^^^^^^^^^^^^^^^^^^^^^^^^
  File "/Users/escobar/arisportal/backend/venv/lib/python3.12/site-packages/sqlalchemy/util/langhelpers.py", line 1260, in __get__
    obj.__dict__[self.__name__] = result = self.fget(obj)
                                           ^^^^^^^^^^^^^^
  File "/Users/escobar/arisportal/backend/venv/lib/python3.12/site-packages/sqlalchemy/orm/mapper.py", line 4045, in _sorted_tables
    sorted_ = sql_util.sort_tables(
              ^^^^^^^^^^^^^^^^^^^^^
  File "/Users/escobar/arisportal/backend/venv/lib/python3.12/site-packages/sqlalchemy/sql/ddl.py", line 1251, in sort_tables
    for (t, fkcs) in sort_tables_and_constraints(
                     ^^^^^^^^^^^^^^^^^^^^^^^^^^^^
  File "/Users/escobar/arisportal/backend/venv/lib/python3.12/site-packages/sqlalchemy/sql/ddl.py", line 1321, in sort_tables_and_constraints
    filtered = filter_fn(fkc)
               ^^^^^^^^^^^^^^
  File "/Users/escobar/arisportal/backend/venv/lib/python3.12/site-packages/sqlalchemy/sql/ddl.py", line 1241, in _skip_fn
    if fixed_skip_fn(fk):
       ^^^^^^^^^^^^^^^^^
  File "/Users/escobar/arisportal/backend/venv/lib/python3.12/site-packages/sqlalchemy/orm/mapper.py", line 4028, in skip
    dep = table_to_mapper.get(fk.column.table)
                              ^^^^^^^^^
  File "/Users/escobar/arisportal/backend/venv/lib/python3.12/site-packages/sqlalchemy/util/langhelpers.py", line 1146, in __get__
    obj.__dict__[self.__name__] = result = self.fget(obj)
                                           ^^^^^^^^^^^^^^
  File "/Users/escobar/arisportal/backend/venv/lib/python3.12/site-packages/sqlalchemy/sql/schema.py", line 3159, in column
    return self._resolve_column()
           ^^^^^^^^^^^^^^^^^^^^^^
  File "/Users/escobar/arisportal/backend/venv/lib/python3.12/site-packages/sqlalchemy/sql/schema.py", line 3182, in _resolve_column
    raise exc.NoReferencedTableError(
sqlalchemy.exc.NoReferencedTableError: Foreign key associated with column 'cards.user_id' could not find table 'users' with which to generate a foreign key to target column 'id'

INFO:     127.0.0.1:49875 - "POST /api/v1/cards HTTP/1.1" 500 Internal Server Error
INFO:     Shutting down
INFO:     Waiting for application shutdown.
INFO:     Application shutdown complete.
INFO:     Finished server process [66577]
INFO:     Stopping reloader process [88800]
